                               The FREQ Procedure
 
                         Table of kfunc_1M by kfunc_3Y
 
                      kfunc_1M     kfunc_3Y
 
                      Frequency|
                      Percent  |
                      Row Pct  |
                      Col Pct  |       0|       1|  Total
                      ---------+--------+--------+
                             0 |    201 |     19 |    220
                               |  76.72 |   7.25 |  83.97
                               |  91.36 |   8.64 |
                               |  89.73 |  50.00 |
                      ---------+--------+--------+
                             1 |     23 |     19 |     42
                               |   8.78 |   7.25 |  16.03
                               |  54.76 |  45.24 |
                               |  10.27 |  50.00 |
                      ---------+--------+--------+
                      Total         224       38      262
                                  85.50    14.50   100.00
 
                             Frequency Missing = 45
